******************************************************************************
                  TI ARM Linker PC v16.9.1                     
******************************************************************************
>> Linked Mon May 08 00:52:48 2017

OUTPUT FILE NAME:   <Tokenizer.out>
ENTRY POINT SYMBOL: "_c_int00"  address: 00000bfd


MEMORY CONFIGURATION

         name            origin    length      used     unused   attr    fill
----------------------  --------  ---------  --------  --------  ----  --------
  FLASH                 00000000   00040000  00000fe8  0003f018  R  X
  SRAM                  20000000   00008000  00000220  00007de0  RW X


SEGMENT ALLOCATION MAP

run origin  load origin   length   init length attrs members
----------  ----------- ---------- ----------- ----- -------
00000000    00000000    00000fec   00000fec    r-x
  00000000    00000000    0000026c   0000026c    r-- .intvecs
  0000026c    0000026c    00000c98   00000c98    r-x .text
  00000f04    00000f04    000000c0   000000c0    r-- .const
  00000fc8    00000fc8    00000024   00000024    r-- .cinit
20000000    20000000    00000220   00000000    rw-
  20000000    20000000    00000200   00000000    rw- .stack
  20000200    20000200    00000020   00000000    rw- .data


SECTION ALLOCATION MAP

 output                                  attributes/
section   page    origin      length       input sections
--------  ----  ----------  ----------   ----------------
.intvecs   0    00000000    0000026c     
                  00000000    0000026c     tm4c123gh6pm_startup_ccs.obj (.intvecs)

.text      0    0000026c    00000c98     
                  0000026c    0000049c     uartstdio.obj (.text)
                  00000708    0000016a     tokenizer.obj (.text)
                  00000872    00000132     driverlib.lib : gpio.obj (.text:GPIOPadConfigSet)
                  000009a4    000000e4     main.obj (.text)
                  00000a88    0000009c     rtsv7M4_T_le_v4SPD16_eabi.lib : memcpy_t2.obj (.text)
                  00000b24    00000070                                   : autoinit.obj (.text)
                  00000b94    00000068                                   : copy_decompress_lzss.obj (.text:decompress:lzss)
                  00000bfc    00000054                                   : boot.obj (.text)
                  00000c50    00000054                                   : exit.obj (.text)
                  00000ca4    0000004c                                   : cpy_tbl.obj (.text)
                  00000cf0    00000048     driverlib.lib : gpio.obj (.text:GPIOPinConfigure)
                  00000d38    00000046                   : uart.obj (.text:UARTConfigSetExpClk)
                  00000d7e    00000040     rtsv7M4_T_le_v4SPD16_eabi.lib : u_divt2.obj (.text)
                  00000dbe    00000002                                   : i_div0.obj (.text)
                  00000dc0    00000038     driverlib.lib : sysctl.obj (.text:SysCtlPeripheralPresent)
                  00000df8    00000034                   : sysctl.obj (.text:SysCtlPeripheralEnable)
                  00000e2c    0000002a                   : gpio.obj (.text:GPIODirModeSet)
                  00000e56    00000002     rtsv7M4_T_le_v4SPD16_eabi.lib : mpu_init.obj (.text)
                  00000e58    00000020     driverlib.lib : uart.obj (.text:UARTDisable)
                  00000e78    00000018     rtsv7M4_T_le_v4SPD16_eabi.lib : args_main.obj (.text)
                  00000e90    00000014     driverlib.lib : uart.obj (.text:UARTEnable)
                  00000ea4    00000014     rtsv7M4_T_le_v4SPD16_eabi.lib : _lock.obj (.text)
                  00000eb8    00000012     driverlib.lib : gpio.obj (.text:GPIOPinTypeUART)
                  00000eca    0000000e     rtsv7M4_T_le_v4SPD16_eabi.lib : copy_decompress_none.obj (.text:decompress:none)
                  00000ed8    0000000c     tm4c123gh6pm_startup_ccs.obj (.text)
                  00000ee4    0000000a     driverlib.lib : uart.obj (.text:UARTCharGet)
                  00000eee    0000000a                   : uart.obj (.text:UARTCharPut)
                  00000ef8    00000006                   : uart.obj (.text:UARTClockSourceSet)
                  00000efe    00000004     rtsv7M4_T_le_v4SPD16_eabi.lib : pre_init.obj (.text)
                  00000f02    00000002                                   : startup.obj (.text)

.const     0    00000f04    000000c0     
                  00000f04    00000090     driverlib.lib : gpio.obj (.const:g_pui32GPIOBaseAddrs)
                  00000f94    00000012     uartstdio.obj (.const:.string)
                  00000fa6    00000002     --HOLE-- [fill = 0]
                  00000fa8    0000000c     uartstdio.obj (.const:g_ui32UARTBase)
                  00000fb4    0000000c     uartstdio.obj (.const:g_ui32UARTPeriph)
                  00000fc0    00000004     uartstdio.obj (.const)

.cinit     0    00000fc8    00000024     
                  00000fc8    00000011     (.cinit..data.load) [load image, compression = lzss]
                  00000fd9    00000003     --HOLE-- [fill = 0]
                  00000fdc    00000008     (__TI_handler_table)
                  00000fe4    00000008     (__TI_cinit_table)

.init_array 
*          0    00000000    00000000     UNINITIALIZED

.stack     0    20000000    00000200     UNINITIALIZED
                  20000000    00000200     --HOLE--

.data      0    20000200    00000020     UNINITIALIZED
                  20000200    0000000c     rtsv7M4_T_le_v4SPD16_eabi.lib : exit.obj (.data:$O1$$)
                  2000020c    00000008                                   : _lock.obj (.data:$O1$$)
                  20000214    00000005     uartstdio.obj (.data)
                  20000219    00000003     --HOLE--
                  2000021c    00000004     rtsv7M4_T_le_v4SPD16_eabi.lib : stkdepth_vars.obj (.data)

MODULE SUMMARY

       Module                         code   ro data   rw data
       ------                         ----   -------   -------
    .\
       uartstdio.obj                  1180   46        5      
       tm4c123gh6pm_startup_ccs.obj   12     620       0      
       tokenizer.obj                  362    0         0      
       main.obj                       228    0         0      
    +--+------------------------------+------+---------+---------+
       Total:                         1782   666       5      
                                                              
    C:/ti/TivaWare_C_Series-2.1.3.156/driverlib/ccs/Debug/driverlib.lib
       gpio.obj                       438    144       0      
       uart.obj                       148    0         0      
       sysctl.obj                     108    0         0      
    +--+------------------------------+------+---------+---------+
       Total:                         694    144       0      
                                                              
    C:\ti\ccsv7\tools\compiler\ti-cgt-arm_16.9.1.LTS\lib\rtsv7M4_T_le_v4SPD16_eabi.lib
       memcpy_t2.obj                  156    0         0      
       autoinit.obj                   112    0         0      
       copy_decompress_lzss.obj       104    0         0      
       exit.obj                       84     0         12     
       boot.obj                       84     0         0      
       cpy_tbl.obj                    76     0         0      
       u_divt2.obj                    64     0         0      
       _lock.obj                      20     0         8      
       args_main.obj                  24     0         0      
       copy_decompress_none.obj       14     0         0      
       pre_init.obj                   4      0         0      
       stkdepth_vars.obj              0      0         4      
       i_div0.obj                     2      0         0      
       mpu_init.obj                   2      0         0      
       startup.obj                    2      0         0      
    +--+------------------------------+------+---------+---------+
       Total:                         748    0         24     
                                                              
       Stack:                         0      0         512    
       Linker Generated:              0      33        0      
    +--+------------------------------+------+---------+---------+
       Grand Total:                   3224   843       541    


LINKER GENERATED COPY TABLES

__TI_cinit_table @ 00000fe4 records: 1, size/record: 8, table size: 8
	.data: load addr=00000fc8, load size=00000011 bytes, run addr=20000200, run size=00000020 bytes, compression=lzss


LINKER GENERATED HANDLER TABLE

__TI_handler_table @ 00000fdc records: 2, size/record: 4, table size: 8
	index: 0, handler: __TI_decompress_lzss
	index: 1, handler: __TI_decompress_none


GLOBAL SYMBOLS: SORTED ALPHABETICALLY BY Name 

address   name                           
-------   ----                           
00000c51  C$$EXIT                        
00000e2d  GPIODirModeSet                 
00000873  GPIOPadConfigSet               
00000cf1  GPIOPinConfigure               
00000eb9  GPIOPinTypeUART                
000009a5  InitConsole                    
00000ed9  ResetISR                       
UNDEFED   SHT$$INIT_ARRAY$$Base          
UNDEFED   SHT$$INIT_ARRAY$$Limit         
00000df9  SysCtlPeripheralEnable         
00000dc1  SysCtlPeripheralPresent        
00000803  TokenizeString                 
00000ee5  UARTCharGet                    
00000eef  UARTCharPut                    
00000ef9  UARTClockSourceSet             
00000d39  UARTConfigSetExpClk            
00000e59  UARTDisable                    
00000e91  UARTEnable                     
0000026d  UARTStdioConfig                
000003b3  UARTgetc                       
000002f9  UARTgets                       
000006d3  UARTprintf                     
000003d9  UARTvprintf                    
000002b3  UARTwrite                      
20000200  __STACK_END                    
00000200  __STACK_SIZE                   
20000200  __STACK_TOP                    
00000fe4  __TI_CINIT_Base                
00000fec  __TI_CINIT_Limit               
00000fdc  __TI_Handler_Table_Base        
00000fe4  __TI_Handler_Table_Limit       
00000b25  __TI_auto_init                 
20000200  __TI_cleanup_ptr               
00000b95  __TI_decompress_lzss           
00000ecb  __TI_decompress_none           
20000204  __TI_dtors_ptr                 
20000208  __TI_enable_exit_profile_output
ffffffff  __TI_pprof_out_hndl            
ffffffff  __TI_prof_data_size            
ffffffff  __TI_prof_data_start           
00000000  __TI_static_base__             
00000dbf  __aeabi_idiv0                  
00000a89  __aeabi_memcpy                 
00000a89  __aeabi_memcpy4                
00000a89  __aeabi_memcpy8                
00000d7f  __aeabi_uidiv                  
00000d7f  __aeabi_uidivmod               
ffffffff  __binit__                      
ffffffff  __c_args__                     
00000e57  __mpu_init                     
20000000  __stack                        
00000e79  _args_main                     
00000bfd  _c_int00                       
2000020c  _lock                          
00000eb3  _nop                           
00000eab  _register_lock                 
00000ea5  _register_unlock               
00000f03  _system_post_cinit             
00000eff  _system_pre_init               
20000210  _unlock                        
00000c55  abort                          
ffffffff  binit                          
00000ca5  copy_in                        
00000c5d  exit                           
00000000  g_pfnVectors                   
000009e1  main                           
2000021c  main_func_sp                   
00000a89  memcpy                         


GLOBAL SYMBOLS: SORTED BY Symbol Address 

address   name                           
-------   ----                           
00000000  __TI_static_base__             
00000000  g_pfnVectors                   
00000200  __STACK_SIZE                   
0000026d  UARTStdioConfig                
000002b3  UARTwrite                      
000002f9  UARTgets                       
000003b3  UARTgetc                       
000003d9  UARTvprintf                    
000006d3  UARTprintf                     
00000803  TokenizeString                 
00000873  GPIOPadConfigSet               
000009a5  InitConsole                    
000009e1  main                           
00000a89  __aeabi_memcpy                 
00000a89  __aeabi_memcpy4                
00000a89  __aeabi_memcpy8                
00000a89  memcpy                         
00000b25  __TI_auto_init                 
00000b95  __TI_decompress_lzss           
00000bfd  _c_int00                       
00000c51  C$$EXIT                        
00000c55  abort                          
00000c5d  exit                           
00000ca5  copy_in                        
00000cf1  GPIOPinConfigure               
00000d39  UARTConfigSetExpClk            
00000d7f  __aeabi_uidiv                  
00000d7f  __aeabi_uidivmod               
00000dbf  __aeabi_idiv0                  
00000dc1  SysCtlPeripheralPresent        
00000df9  SysCtlPeripheralEnable         
00000e2d  GPIODirModeSet                 
00000e57  __mpu_init                     
00000e59  UARTDisable                    
00000e79  _args_main                     
00000e91  UARTEnable                     
00000ea5  _register_unlock               
00000eab  _register_lock                 
00000eb3  _nop                           
00000eb9  GPIOPinTypeUART                
00000ecb  __TI_decompress_none           
00000ed9  ResetISR                       
00000ee5  UARTCharGet                    
00000eef  UARTCharPut                    
00000ef9  UARTClockSourceSet             
00000eff  _system_pre_init               
00000f03  _system_post_cinit             
00000fdc  __TI_Handler_Table_Base        
00000fe4  __TI_CINIT_Base                
00000fe4  __TI_Handler_Table_Limit       
00000fec  __TI_CINIT_Limit               
20000000  __stack                        
20000200  __STACK_END                    
20000200  __STACK_TOP                    
20000200  __TI_cleanup_ptr               
20000204  __TI_dtors_ptr                 
20000208  __TI_enable_exit_profile_output
2000020c  _lock                          
20000210  _unlock                        
2000021c  main_func_sp                   
ffffffff  __TI_pprof_out_hndl            
ffffffff  __TI_prof_data_size            
ffffffff  __TI_prof_data_start           
ffffffff  __binit__                      
ffffffff  __c_args__                     
ffffffff  binit                          
UNDEFED   SHT$$INIT_ARRAY$$Base          
UNDEFED   SHT$$INIT_ARRAY$$Limit         

[68 symbols]
